// Jest Snapshot v1, https://goo.gl/fbAQLP

exports[`<BxReactUiProvider /> should render correctly 1`] = `
<h1>
  Bx React Ui Provider
</h1>
`;
